// Jest Snapshot v1, https://goo.gl/fbAQLP

exports[`Profile view renders correctly 1`] = `
<styled.figure>
  <styled.ul>
    <styled.li>
      Frontend engineer
    </styled.li>
    <styled.li>
      Fullstack developer
    </styled.li>
    <styled.li>
      UI Architect
    </styled.li>
  </styled.ul>
</styled.figure>
`;
